[evolvelaw.ca/index.html]
[backblue.gif]
[fade.gif]
[index.html]
[evolvelaw.ca/wp-content/uploads/2022/01/saltking-awareness-post.webp]
[evolvelaw.ca/wp-includes/css/dist/block-library/style.min9b30.css]
[evolvelaw.ca/wp-content/plugins/addon-elements-for-elementor-page-builder/assets/css/eae.min5392.css]
[evolvelaw.ca/wp-content/plugins/elementor/assets/lib/font-awesome/css/v4-shims.min5152.css]
[evolvelaw.ca/wp-content/plugins/elementor/assets/lib/font-awesome/css/all.min5152.css]
[evolvelaw.ca/wp-content/plugins/addon-elements-for-elementor-page-builder/assets/lib/vegas/vegas.min8d5a.css]
[evolvelaw.ca/wp-content/plugins/cookie-law-info/legacy/public/css/cookie-law-info-publicaeb9.css]
[evolvelaw.ca/wp-content/plugins/cookie-law-info/legacy/public/css/cookie-law-info-gdpraeb9.css]
[evolvelaw.ca/feed/index.html]
[evolvelaw.ca/wp-content/plugins/google-language-translator/css/stylece68.css]
[evolvelaw.ca/wp-content/plugins/google-language-translator/css/toolbarce68.css]
[evolvelaw.ca/wp-content/themes/responsive/core/css/style.min9537.css]
[evolvelaw.ca/wp-content/themes/responsive/core/css/icomoon/style.min9537.css]
[evolvelaw.ca/wp-content/plugins/elementor/assets/lib/eicons/css/elementor-icons.min192d.css]
[evolvelaw.ca/wp-content/uploads/elementor/css/custom-frontend.min891d.css]
[evolvelaw.ca/wp-content/uploads/2022/01/background2-1.webp]
[evolvelaw.ca/wp-content/plugins/elementor/assets/lib/swiper/css/swiper.min48f5.css]
[evolvelaw.ca/wp-content/uploads/elementor/css/custom-pro-frontend.min891d.css]
[evolvelaw.ca/wp-content/plugins/essential-addons-for-elementor-lite/assets/front-end/css/view/general.min29ad.css]
[evolvelaw.ca/wp-content/plugins/elementor/assets/lib/font-awesome/css/fontawesome.min52d5.css]
[evolvelaw.ca/wp-content/plugins/elementor/assets/lib/font-awesome/css/brands.min52d5.css]
[evolvelaw.ca/wp-content/plugins/elementor/assets/lib/font-awesome/css/solid.min52d5.css]
[evolvelaw.ca/wp-includes/js/jquery/jquery.min3088.js]
[evolvelaw.ca/wp-includes/js/jquery/jquery-migrate.min5589.js]
[evolvelaw.ca/wp-content/plugins/cookie-law-info/legacy/public/js/cookie-law-info-publicaeb9.js]
[evolvelaw.ca/wp-json/wp/v2/pages/394.json]
[evolvelaw.ca/wp-json/index.html]
[evolvelaw.ca/xmlrpc0db0.php]
[evolvelaw.ca/wp-json/oembed/1.0/embed43fb.json]
[evolvelaw.ca/wp-json/oembed/1.0/embed86e2]
[chimpstatic.com/mcjs-connected/js/users/62acb64b5a206c475bd9b557d/b36b1a1aeb23a7dc3b9728907.js]
[evolvelaw.ca/wp-content/uploads/2022/01/logo20788x204-300x78.webp]
[evolvelaw.ca/wp-content/uploads/2022/01/consult-1.webp]
[evolvelaw.ca/about-us/index.html]
[evolvelaw.ca/client-testimonials/index.html]
[evolvelaw.ca/wp-content/uploads/2021/08/divorce-100x100.png]
[evolvelaw.ca/pricing/index.html]
[evolvelaw.ca/services/index.html]
[evolvelaw.ca/wp-content/uploads/2021/08/Support-100x100.png]
[evolvelaw.ca/payment-plans/index.html]
[evolvelaw.ca/blog/index.html]
[evolvelaw.ca/multilingual-help/index.html]
[evolvelaw.ca/contact/index.html]
[evolvelaw.ca/wp-content/uploads/2021/08/Parenting-100x100.png]
[evolvelaw.ca/legal-help/index.html]
[evolvelaw.ca/wp-content/uploads/2021/08/Agreement-100x100.png]
[evolvelaw.ca/careers/index.html]
[evolvelaw.ca/faq/index.html]
[evolvelaw.ca/wp-content/uploads/2021/07/Property-1-100x100.png]
[evolvelaw.ca/wp-content/uploads/2021/08/Advice-100x100.png]
[evolvelaw.ca/wp-content/uploads/2021/08/Adoption-100x100.png]
[evolvelaw.ca/wp-content/uploads/2022/06/Beau-rounded.png]
[evolvelaw.ca/wp-content/uploads/2022/06/Matthew-bluebg.png]
[evolvelaw.ca/wp-content/uploads/2022/06/melissa-rounded.png]
[evolvelaw.ca/wp-content/uploads/2022/05/mobile-evolve-process-1.png]
[evolvelaw.ca/wp-content/uploads/2022/05/process-evolve.png]
[evolvelaw.ca/wp-content/uploads/2020/12/EVOLVE-LAW-Dark-blue-transparent-logo-name-slogan-Cropped-100x93.png]
[evolvelaw.ca/booking-process/index.html]
[evolvelaw.ca/wp-content/plugins/cookie-law-info/legacy/public/css/cookie-law-info-tableaeb9.css]
[evolvelaw.ca/privacy-policy/index.html]
[evolvelaw.ca/wp-content/plugins/elementor/assets/lib/animations/animations.minafc7.css]
[evolvelaw.ca/wp-content/plugins/addon-elements-for-elementor-page-builder/assets/js/eae.min5392.js]
[evolvelaw.ca/wp-content/plugins/elementor/assets/lib/font-awesome/js/v4-shims.min5152.js]
[evolvelaw.ca/wp-content/plugins/addon-elements-for-elementor-page-builder/assets/js/animated-main.min5152.js]
[evolvelaw.ca/wp-content/plugins/addon-elements-for-elementor-page-builder/assets/js/particles.min001e.js]
[evolvelaw.ca/wp-content/plugins/addon-elements-for-elementor-page-builder/assets/lib/magnific.minf488.js]
[evolvelaw.ca/wp-content/plugins/addon-elements-for-elementor-page-builder/assets/lib/vegas/vegas.min8d5a.js]
[evolvelaw.ca/wp-content/plugins/google-language-translator/js/scriptsce68.js]
[translate.google.com/translate_a/elementcd15.js]
[evolvelaw.ca/wp-content/themes/responsive/core/js/navigation.min9537.js]
[evolvelaw.ca/wp-content/themes/responsive/core/includes/customizer/assets/js/scroll-to-top9537.js]
[evolvelaw.ca/wp-content/plugins/essential-addons-for-elementor-lite/assets/front-end/js/view/general.min29ad.js]
[evolvelaw.ca/wp-content/plugins/wp-smushit/app/assets/js/smush-lazy-load.min64e1.js]
[evolvelaw.ca/wp-content/plugins/elementor-pro/assets/lib/smartmenus/jquery.smartmenus.minf269.js]
[evolvelaw.ca/wp-content/plugins/elementor/assets/lib/jquery-numerator/jquery-numerator.min3958.js]
[evolvelaw.ca/wp-includes/js/imagesloaded.mineda1.js]
[evolvelaw.ca/wp-content/plugins/elementor-pro/assets/js/webpack-pro.runtime.min6b60.js]
[evolvelaw.ca/wp-content/plugins/elementor/assets/js/webpack.runtime.minafc7.js]
[evolvelaw.ca/wp-content/plugins/elementor/assets/js/frontend-modules.minafc7.js]
[evolvelaw.ca/wp-includes/js/dist/vendor/wp-polyfill-inert.min0226.js]
[evolvelaw.ca/wp-includes/js/dist/vendor/regenerator-runtime.min8fa4.js]
[evolvelaw.ca/wp-includes/js/dist/vendor/wp-polyfill.min2c7c.js]
[evolvelaw.ca/wp-includes/js/dist/hooks.min2ebd.js]
[evolvelaw.ca/wp-includes/js/dist/i18n.minf92f.js]
[evolvelaw.ca/wp-content/plugins/elementor-pro/assets/js/frontend.min6b60.js]
[evolvelaw.ca/wp-content/plugins/elementor/assets/lib/waypoints/waypoints.min05da.js]
[evolvelaw.ca/wp-includes/js/jquery/ui/core.min3f14.js]
[evolvelaw.ca/wp-content/plugins/elementor/assets/js/frontend.minafc7.js]
[evolvelaw.ca/wp-content/plugins/elementor-pro/assets/js/elements-handlers.min6b60.js]
[evolvelaw.ca/index.html]
[evolvelaw.ca/xmlrpc.php]
[evolvelaw.ca/comments/feed/index.html]
[evolvelaw.ca/wp-includes/css/dist/block-library/style.min9b30.css]
[evolvelaw.ca/wp-content/plugins/addon-elements-for-elementor-page-builder/assets/digit-sep-svg.svg]
[evolvelaw.ca/wp-content/plugins/addon-elements-for-elementor-page-builder/assets/css/eae.min5392.css]
[evolvelaw.ca/wp-content/plugins/elementor/assets/lib/font-awesome/css/v4-shims.min5152.css]
[evolvelaw.ca/wp-content/plugins/addon-elements-for-elementor-page-builder/assets/digits-svg-alpha.svg]
[evolvelaw.ca/wp-content/plugins/elementor/assets/lib/font-awesome/webfonts/fa-brands-400.eot]
[evolvelaw.ca/wp-content/plugins/elementor/assets/lib/font-awesome/webfonts/fa-brands-400d41d.eot]
[evolvelaw.ca/wp-content/plugins/elementor/assets/lib/font-awesome/webfonts/fa-brands-400.woff2]
[evolvelaw.ca/wp-content/plugins/elementor/assets/lib/font-awesome/webfonts/fa-brands-400.woff]
[evolvelaw.ca/wp-content/plugins/elementor/assets/lib/font-awesome/webfonts/fa-brands-400.ttf]
[evolvelaw.ca/wp-content/plugins/elementor/assets/lib/font-awesome/webfonts/fa-regular-400d41d.eot]
[evolvelaw.ca/wp-content/plugins/elementor/assets/lib/font-awesome/webfonts/fa-regular-400.eot]
[evolvelaw.ca/wp-content/plugins/elementor/assets/lib/font-awesome/webfonts/fa-regular-400.woff2]
[evolvelaw.ca/wp-content/plugins/elementor/assets/lib/font-awesome/webfonts/fa-regular-400.woff]
[evolvelaw.ca/wp-content/plugins/elementor/assets/lib/font-awesome/webfonts/fa-regular-400.ttf]
[evolvelaw.ca/wp-content/plugins/elementor/assets/lib/font-awesome/webfonts/fa-brands-400.svg]
[evolvelaw.ca/wp-content/plugins/elementor/assets/lib/font-awesome/webfonts/fa-regular-400.svg]
[evolvelaw.ca/wp-content/plugins/elementor/assets/lib/font-awesome/webfonts/fa-solid-900.eot]
[evolvelaw.ca/wp-content/plugins/elementor/assets/lib/font-awesome/webfonts/fa-solid-900.woff2]
[evolvelaw.ca/wp-content/plugins/elementor/assets/lib/font-awesome/webfonts/fa-solid-900d41d.eot]
[evolvelaw.ca/wp-content/plugins/elementor/assets/lib/font-awesome/webfonts/fa-solid-900.woff]
[evolvelaw.ca/wp-content/plugins/elementor/assets/lib/font-awesome/css/all.min5152.css]
[evolvelaw.ca/wp-content/plugins/addon-elements-for-elementor-page-builder/assets/lib/vegas/vegas.min8d5a.css]
[evolvelaw.ca/wp-content/plugins/cookie-law-info/legacy/public/css/cookie-law-info-publicaeb9.css]
[evolvelaw.ca/wp-content/plugins/cookie-law-info/legacy/public/css/cookie-law-info-gdpraeb9.css]
[evolvelaw.ca/wp-content/plugins/google-language-translator/images/flags22.png]
[evolvelaw.ca/wp-content/plugins/google-language-translator/images/flags20.png]
[evolvelaw.ca/wp-content/plugins/google-language-translator/images/flags18.png]
[evolvelaw.ca/wp-content/plugins/google-language-translator/images/flags16.png]
[evolvelaw.ca/wp-content/plugins/elementor/assets/lib/font-awesome/webfonts/fa-solid-900.svg]
[evolvelaw.ca/wp-content/plugins/google-language-translator/images/flags.png]
[evolvelaw.ca/wp-content/plugins/google-language-translator/css/stylece68.css]
[evolvelaw.ca/wp-content/plugins/google-language-translator/css/toolbarce68.css]
[evolvelaw.ca/wp-content/themes/responsive/core/css/style.min9537.css]
[evolvelaw.ca/wp-content/themes/responsive/core/images/line.svg]
[evolvelaw.ca/wp-content/themes/responsive/core/css/icomoon/fonts/icomoonf96c.ttf]
[evolvelaw.ca/wp-content/themes/responsive/core/css/icomoon/fonts/icomoonf96c.woff]
[evolvelaw.ca/wp-content/themes/responsive/core/css/icomoon/fonts/icomoonf96c.eot]
[evolvelaw.ca/wp-content/themes/responsive/core/css/icomoon/style.min9537.css]
[evolvelaw.ca/wp-content/themes/responsive/core/css/icomoon/fonts/icomoonf96c.svg]
[evolvelaw.ca/wp-content/plugins/elementor/assets/lib/eicons/fonts/eicons9506.woff2]
[evolvelaw.ca/wp-content/plugins/elementor/assets/lib/eicons/fonts/eicons9506.woff]
[evolvelaw.ca/wp-content/plugins/elementor/assets/lib/eicons/fonts/eicons9506.ttf]
[evolvelaw.ca/wp-content/plugins/elementor/assets/lib/eicons/css/elementor-icons.min192d.css]
[evolvelaw.ca/wp-content/uploads/elementor/css/custom-frontend.min891d.css]
[evolvelaw.ca/wp-content/plugins/elementor/assets/lib/swiper/css/swiper.min48f5.css]
[evolvelaw.ca/wp-content/uploads/elementor/css/custom-pro-frontend.min891d.css]
[evolvelaw.ca/wp-content/plugins/essential-addons-for-elementor-lite/assets/front-end/css/view/general.min29ad.css]
[evolvelaw.ca/wp-content/plugins/elementor/assets/lib/font-awesome/css/fontawesome.min52d5.css]
[evolvelaw.ca/wp-content/plugins/elementor/assets/lib/font-awesome/css/brands.min52d5.css]
[evolvelaw.ca/wp-content/plugins/elementor/assets/lib/font-awesome/css/solid.min52d5.css]
[www.googletagmanager.com/gtm5445.html]
[evolvelaw.ca/wp-content/plugins/elementor/assets/lib/eicons/fonts/eicons9506.svg]
[evolvelaw.ca/wp-content/uploads/2022/07/beau-blue-frame.png]
[evolvelaw.ca/wp-content/uploads/2020/12/Background-White-Balanced-2.jpg]
[evolvelaw.ca/wp-content/uploads/2022/01/background.webp]
[evolvelaw.ca/wp-content/plugins/elementor/assets/lib/font-awesome/css/regular.min52d5.css]
[evolvelaw.ca/wp-json/wp/v2/pages/26.json]
[evolvelaw.ca/wp-json/oembed/1.0/embed5806.json]
[evolvelaw.ca/wp-json/oembed/1.0/embedb912]
[evolvelaw.ca/wp-content/uploads/2022/06/Matthew-frame.png]
[evolvelaw.ca/wp-content/uploads/2022/07/Asset-16-1.png]
[evolvelaw.ca/wp-content/uploads/2022/07/Asset-15.png]
[evolvelaw.ca/wp-content/uploads/2022/07/logo-no-slogan.png]
[evolvelaw.ca/wp-content/uploads/2023/03/BryanBlueBorderSmall.png]
[evolvelaw.ca/wp-content/uploads/2022/07/Kemesha-blue.frame_.png]
[evolvelaw.ca/wp-content/uploads/2022/07/Jayda-blue-frame-1.png]
[evolvelaw.ca/wp-content/uploads/2022/07/Amy-blue-frame.png]
[evolvelaw.ca/wp-content/uploads/2023/07/Add-a-little-bit-of-body-text-1-1024x768.png]
[www.clio.com/wp-content/uploads/2020/09/client-centered-certified.png]
[evolvelaw.ca/about-us/index.html]
[evolvelaw.ca/wp-content/uploads/essential-addons-elementor/eael-265b6a.js]
[evolvelaw.ca/wp-content/uploads/2021/11/MG_7655-1024x683.jpg]
[evolvelaw.ca/wp-content/uploads/2021/11/image.jpg]
[evolvelaw.ca/wp-json/wp/v2/pages/7002.json]
[evolvelaw.ca/wp-json/oembed/1.0/embed12f2.json]
[evolvelaw.ca/wp-json/oembed/1.0/embed3755]
[evolvelaw.ca/wp-content/plugins/elementor/assets/images/placeholder.png]
[evolvelaw.ca/wp-content/uploads/2021/11/MG_7655-600x400.jpg]
[cdn.trustindex.io/loader4bce.js]
[evolvelaw.ca/client-testimonials/index.html]
[evolvelaw.ca/wp-content/uploads/2021/03/Services_landing_page.jpg]
[evolvelaw.ca/wp-content/uploads/2021/02/background.png]
[evolvelaw.ca/wp-json/wp/v2/pages/126.json]
[evolvelaw.ca/wp-json/oembed/1.0/embed590a.json]
[evolvelaw.ca/wp-json/oembed/1.0/embed83c9]
[evolvelaw.ca/wp-content/uploads/2021/03/Services_landing_page-600x486.jpg]
[evolvelaw.ca/wp-content/uploads/2022/07/Step-by-Step-Divorce.jpg]
[evolvelaw.ca/wp-content/uploads/2021/03/Divorce_1.2-1024x682.jpg]
[evolvelaw.ca/wp-content/uploads/2021/03/Support_1.2-1024x601.jpg]
[evolvelaw.ca/wp-content/uploads/2021/03/child_support-1024x690.jpg]
[evolvelaw.ca/wp-content/uploads/2021/03/Property_1.2.jpg]
[evolvelaw.ca/wp-content/uploads/2021/03/adoption-1024x682.jpg]
[evolvelaw.ca/wp-content/uploads/2021/03/Agreements_1.1-1024x682.jpg]
[evolvelaw.ca/wp-content/uploads/2021/03/Legal_advice_1.2-1024x683.jpg]
[evolvelaw.ca/services/index.html]
[evolvelaw.ca/wp-content/uploads/2021/05/calendly_picture.png]
[evolvelaw.ca/wp-json/wp/v2/pages/37.json]
[evolvelaw.ca/wp-json/oembed/1.0/embedf749.json]
[evolvelaw.ca/wp-json/oembed/1.0/embed51cf]
[evolvelaw.ca/wp-content/uploads/2021/05/calendly_picture-450x401.png]
[evolvelaw.ca/pricing/index.html]
[evolvelaw.ca/wp-content/plugins/elementor-pro/assets/lib/sticky/jquery.sticky.min6b60.js]
[evolvelaw.ca/wp-json/wp/v2/pages/3365.json]
[evolvelaw.ca/wp-json/oembed/1.0/embed13fb.json]
[evolvelaw.ca/wp-json/oembed/1.0/embed4072]
[evolvelaw.ca/payment-plans/index.html]
[evolvelaw.ca/wp-content/uploads/2021/04/Saskatoon-Background-1.jpg]
[evolvelaw.ca/wp-json/wp/v2/pages/3883.json]
[evolvelaw.ca/wp-json/oembed/1.0/embed65bc.json]
[evolvelaw.ca/wp-json/oembed/1.0/embed5dd0]
[evolvelaw.ca/wp-content/uploads/2022/07/NPT-4-300x179.png]
[evolvelaw.ca/family-matter-checklists/index.html]
[evolvelaw.ca/wp-content/uploads/2022/06/questionnaire-online-236x300.png]
[evolvelaw.ca/checklists-and-productivity/index.html]
[evolvelaw.ca/wp-content/uploads/2022/09/Transparent-Logo-2-300x300.png]
[evolvelaw.ca/evolve-family-law-property-statements-w-petitions/index.html]
[evolvelaw.ca/wp-content/uploads/2022/05/common-law-post-1-300x189.png]
[evolvelaw.ca/wp-content/uploads/2022/02/pexels-pixabay-261621-scaled.webp]
[evolvelaw.ca/nps/index.html]
[evolvelaw.ca/why-consider-prenuptial-agreement/index.html]
[evolvelaw.ca/wp-content/uploads/2022/01/saltking-awareness-post-300x231.webp]
[evolvelaw.ca/blog/index.html]
[evolvelaw.ca/stalking-behavior-signs/index.html]
[evolvelaw.ca/same-sex-marriage/index.html]
[evolvelaw.ca/tell-your-clients-about-tax-deductible-fees/index.html]
[evolvelaw.ca/wp-content/uploads/2021/04/2021-04-22-11.50.09.jpg]
[evolvelaw.ca/wp-json/wp/v2/pages/46.json]
[evolvelaw.ca/wp-json/oembed/1.0/embedc2d3.json]
[evolvelaw.ca/faq/index.html]
[evolvelaw.ca/wp-json/oembed/1.0/embed16f5]
[evolvelaw.ca/wp-json/wp/v2/pages/5417.json]
[evolvelaw.ca/wp-json/oembed/1.0/embed83cb.json]
[evolvelaw.ca/wp-json/oembed/1.0/embed7144]
[evolvelaw.ca/multilingual-help/index.html]
[evolvelaw.ca/common-law-relationship/index.html]
[evolvelaw.ca/wp-json/wp/v2/pages/497.json]
[evolvelaw.ca/wp-json/oembed/1.0/embed0cdf.json]
[evolvelaw.ca/contact/index.html]
[evolvelaw.ca/careers/index.html]
[evolvelaw.ca/wp-json/oembed/1.0/embedb845]
[evolvelaw.ca/wp-json/wp/v2/pages/10280.json]
[evolvelaw.ca/wp-json/oembed/1.0/embed1cbd.json]
[evolvelaw.ca/wp-json/oembed/1.0/embed6bf2]
[evolvelaw.ca/wp-content/uploads/2023/06/logo20788x204-300x78.webp]
[evolvelaw.ca/legal-help/index.html]
[evolvelaw.ca/n3xtep.surveysparrow.com/widget/index.html]
[evolvelaw.ca/wp-content/uploads/2022/06/Start-the-Chat-1.png]
[evolvelaw.ca/wp-json/wp/v2/pages/4659.json]
[evolvelaw.ca/wp-json/oembed/1.0/embed29f6.json]
[evolvelaw.ca/wp-json/oembed/1.0/embedef2a]
[evolvelaw.ca/wp-content/uploads/2022/06/conflict-form-1.png]
[evolvelaw.ca/wp-content/uploads/2022/06/payment-online.png]
[evolvelaw.ca/wp-content/uploads/2022/06/questionnaire-online.png]
[evolvelaw.ca/wp-content/uploads/2022/06/Screen-Shot-2022-06-02-at-11.44.20-AM-1024x781.png]
[evolvelaw.ca/wp-content/uploads/2022/06/dean-rounded.png]
[cdn.trustindex.io/loaderc4ee.js]
[evolvelaw.ca/booking-process/index.html]
[evolvelaw.ca/wp-json/wp/v2/pages/3.json]
[evolvelaw.ca/wp-json/oembed/1.0/embedf4e0.json]
[evolvelaw.ca/privacy-policy/index.html]
[evolvelaw.ca/wp-json/oembed/1.0/embeda59f]
[evolvelaw.ca/wp-content/plugins/cookie-law-info/legacy/images/td_back.gif]
[evolvelaw.ca/wp-content/plugins/cookie-law-info/legacy/public/css/cookie-law-info-tableaeb9.css]
[evolvelaw.ca/wp-content/plugins/elementor/assets/lib/animations/animations.minafc7.css]
[evolvelaw.ca/wp-content/uploads/essential-addons-elementor/eael-394b556.js]
[scripts.clixtell.com/track9b30.html]
[evolvelaw.ca/wp-content/plugins/addon-elements-for-elementor-page-builder/assets/css/arrow-left.svg]
[evolvelaw.ca/wp-content/plugins/addon-elements-for-elementor-page-builder/assets/css/arrow-right.svg]
[evolvelaw.ca/wp-content/plugins/addon-elements-for-elementor-page-builder/assets/digit-sep-svg.svg]
[evolvelaw.ca/wp-content/plugins/addon-elements-for-elementor-page-builder/assets/digits-svg-alpha.svg]
[evolvelaw.ca/wp-content/plugins/elementor/assets/lib/font-awesome/webfonts/fa-brands-400.svg]
[evolvelaw.ca/wp-content/plugins/elementor/assets/lib/font-awesome/webfonts/fa-regular-400.svg]
[evolvelaw.ca/wp-content/plugins/elementor/assets/lib/font-awesome/webfonts/fa-solid-900.svg]
[evolvelaw.ca/wp-content/themes/responsive/core/images/line.svg]
[evolvelaw.ca/wp-content/themes/responsive/core/css/icomoon/fonts/icomoonf96c.svg]
[evolvelaw.ca/wp-content/plugins/google-language-translator/images/flags.png]
[evolvelaw.ca/wp-content/plugins/elementor/assets/lib/font-awesome/webfonts/fa-solid-900.ttf]
[evolvelaw.ca/wp-content/plugins/elementor/assets/lib/eicons/fonts/eicons9506.svg]
[evolvelaw.ca/wp-content/plugins/elementor/assets/lib/eicons/fonts/eicons9506.eot]
[evolvelaw.ca/wp-content/plugins/elementor/assets/lib/font-awesome/css/regular.min52d5.css]
[evolvelaw.ca/index88b9.html]
[evolvelaw.ca/wp-content/plugins/elementor/assets/lib/eicons/fonts/eicons9506.woff2]
[evolvelaw.ca/wp-content/uploads/2022/07/beau-blue-frame.png]
[evolvelaw.ca/index3d65.html]
[evolvelaw.ca/client-testimonials/n3xtep.surveysparrow.com/widget/index.html]
[evolvelaw.ca/wp-content/uploads/2020/04/icon6.html]
[evolvelaw.ca/index4ab3.html]
[evolvelaw.ca/services/n3xtep.surveysparrow.com/widget/index.html]
[evolvelaw.ca/index4837.html]
[evolvelaw.ca/pricing/n3xtep.surveysparrow.com/widget/index.html]
[evolvelaw.ca/indexc4d6.html]
[evolvelaw.ca/payment-plans/n3xtep.surveysparrow.com/widget/index.html]
[evolvelaw.ca/indexc67b.html]
[evolvelaw.ca/blog/n3xtep.surveysparrow.com/widget/index.html]
[evolvelaw.ca/wp-content/uploads/2022/07/Melissa-blue-frame.png]
[evolvelaw.ca/wp-content/uploads/2022/12/SurveyImage.jpg]
[evolvelaw.ca/family-matter-checklists/feed/index.html]
[evolvelaw.ca/wp-json/wp/v2/posts/10555.json]
[evolvelaw.ca/wp-json/oembed/1.0/embedbf0c.json]
[evolvelaw.ca/wp-json/oembed/1.0/embed8c12]
[evolvelaw.ca/wp-content/uploads/2023/07/Evolve-Law-Branded-Checklists.pdf]
[evolvelaw.ca/2023/07/19/index.html]
[evolvelaw.ca/wp-content/uploads/2022/01/saltking-awareness-post-150x150.webp]
[evolvelaw.ca/wp-content/uploads/2022/07/NPT-4-150x150.png]
[evolvelaw.ca/family-matter-checklists/index.html]
[evolvelaw.ca/wp-includes/js/comment-reply.min9b30.js]
[evolvelaw.ca/checklists-and-productivity/feed/index.html]
[evolvelaw.ca/wp-json/wp/v2/posts/10524.json]
[evolvelaw.ca/wp-json/oembed/1.0/embed826c.json]
[evolvelaw.ca/wp-json/oembed/1.0/embed40bc]
[evolvelaw.ca/checklists-and-productivity/index.html]
[evolvelaw.ca/wp-json/wp/v2/posts/10192.json]
[evolvelaw.ca/2023/06/30/index.html]
[evolvelaw.ca/evolve-family-law-property-statements-w-petitions/feed/index.html]
[evolvelaw.ca/wp-json/oembed/1.0/embedfe01.json]
[evolvelaw.ca/wp-json/oembed/1.0/embededde]
[evolvelaw.ca/wp-content/uploads/2022/05/common-law-post-1-150x150.png]
[evolvelaw.ca/evolve-family-law-property-statements-w-petitions/index.html]
[evolvelaw.ca/2023/02/03/index.html]
[evolvelaw.ca/wp-content/uploads/2022/07/NPT-4.png]
[evolvelaw.ca/wp-json/wp/v2/posts/9996.json]
[evolvelaw.ca/nps/feed/index.html]
[evolvelaw.ca/wp-json/oembed/1.0/embedb7db.json]
[evolvelaw.ca/wp-json/oembed/1.0/embed1d6e]
[evolvelaw.ca/wp-content/uploads/2022/07/graphic-2.png]
[evolvelaw.ca/2022/07/28/index.html]
[evolvelaw.ca/wp-content/uploads/2022/07/grapch9.png]
[evolvelaw.ca/wp-content/uploads/2022/06/questionnaire-online-150x150.png]
[evolvelaw.ca/nps/index.html]
[evolvelaw.ca/wp-content/uploads/2022/05/common-law-post-1.png]
[evolvelaw.ca/common-law-relationship/feed/index.html]
[evolvelaw.ca/wp-json/wp/v2/posts/9151.json]
[evolvelaw.ca/wp-json/oembed/1.0/embedd2b4.json]
[evolvelaw.ca/wp-json/oembed/1.0/embed67ae]
[evolvelaw.ca/wp-content/uploads/2022/05/common-law-post-image-2-1.jpg]
[evolvelaw.ca/common-law-relationship/index.html]
[evolvelaw.ca/2022/05/17/index.html]
[evolvelaw.ca/wp-json/wp/v2/posts/8446.json]
[evolvelaw.ca/why-consider-prenuptial-agreement/feed/index.html]
[evolvelaw.ca/wp-json/oembed/1.0/embededee.json]
[evolvelaw.ca/wp-json/oembed/1.0/embed0377]
[evolvelaw.ca/wp-content/uploads/2022/02/prenuptial-agreement.webp]
[evolvelaw.ca/why-consider-prenuptial-agreement/index.html]
[evolvelaw.ca/wp-content/uploads/2022/01/post1.jpg]
[evolvelaw.ca/wp-json/oembed/1.0/embedaa06]
[evolvelaw.ca/wp-content/uploads/2022/01/post.webp]
[evolvelaw.ca/stalking-behavior-signs/index.html]
[evolvelaw.ca/wp-content/uploads/2021/06/2021-06-23-17.32.29.jpg]
[evolvelaw.ca/same-sex-marriage/feed/index.html]
[evolvelaw.ca/wp-json/oembed/1.0/embedb6c5.json]
[evolvelaw.ca/wp-json/oembed/1.0/embed65da]
[evolvelaw.ca/same-sex-marriage/index.html]
[evolvelaw.ca/wp-json/wp/v2/posts/5378.json]
[evolvelaw.ca/tell-your-clients-about-tax-deductible-fees/feed/index.html]
[evolvelaw.ca/wp-json/wp/v2/posts/3826.json]
[evolvelaw.ca/wp-json/oembed/1.0/embede382.json]
[evolvelaw.ca/wp-json/oembed/1.0/embedc1ae]
[evolvelaw.ca/wp-content/uploads/2021/04/Tax-deductible-fees.jpg]
[evolvelaw.ca/tell-your-clients-about-tax-deductible-fees/index.html]
[evolvelaw.ca/index7ea6.html]
[evolvelaw.ca/faq/n3xtep.surveysparrow.com/widget/index.html]
[evolvelaw.ca/indexcbd8.html]
[evolvelaw.ca/multilingual-help/n3xtep.surveysparrow.com/widget/index.html]
[evolvelaw.ca/indexdd54.html]
[evolvelaw.ca/contact/n3xtep.surveysparrow.com/widget/index.html]
[evolvelaw.ca/index3283.html]
[evolvelaw.ca/legal-help/n3xtep.surveysparrow.com/widget/index.html]
[evolvelaw.ca/indexf5eb.html]
[evolvelaw.ca/booking-process/n3xtep.surveysparrow.com/widget/index.html]
[evolvelaw.ca/wp-content/uploads/essential-addons-elementor/eael-46595894.js]
[evolvelaw.ca/index2207.html]
[evolvelaw.ca/privacy-policy/n3xtep.surveysparrow.com/widget/index.html]
[evolvelaw.ca/about-us/n3xtep.surveysparrow.com/widget/index.html]
[evolvelaw.ca/indexc5e2.html]
[evolvelaw.ca/family-matter-checklists/n3xtep.surveysparrow.com/widget/index.html]
[evolvelaw.ca/wp-login.html]
[evolvelaw.ca/2023/07/19/index.html]
[evolvelaw.ca/2023/07/index.html]
[evolvelaw.ca/2023/index.html]
[evolvelaw.ca/index9df1.html]
[evolvelaw.ca/author/itevolvelaw-ca/index.html]
[evolvelaw.ca/category/uncategorized/index.html]
[evolvelaw.ca/checklists-and-productivity/n3xtep.surveysparrow.com/widget/index.html]
[evolvelaw.ca/2023/06/index.html]
[evolvelaw.ca/2023/02/index.html]
[evolvelaw.ca/2023/06/30/index.html]
[evolvelaw.ca/2022/07/index.html]
[evolvelaw.ca/2022/05/index.html]
[evolvelaw.ca/indexb3f7.html]
[evolvelaw.ca/2022/02/index.html]
[evolvelaw.ca/2022/01/index.html]
[evolvelaw.ca/evolve-family-law-property-statements-w-petitions/n3xtep.surveysparrow.com/widget/index.html]
[evolvelaw.ca/2021/06/index.html]
[evolvelaw.ca/2021/04/index.html]
[evolvelaw.ca/wp-content/uploads/2022/09/Transparent-Logo-2-150x150.png]
[evolvelaw.ca/wp-content/uploads/2022/09/Transparent-Logo-2.png]
[evolvelaw.ca/2023/02/03/index.html]
[evolvelaw.ca/indexd86a.html]
[evolvelaw.ca/nps/n3xtep.surveysparrow.com/widget/index.html]
[evolvelaw.ca/2022/07/28/index.html]
[evolvelaw.ca/indexac4f.html]
[evolvelaw.ca/common-law-relationship/n3xtep.surveysparrow.com/widget/index.html]
[evolvelaw.ca/wp-content/uploads/2022/01/Melissa-circle.html]
[evolvelaw.ca/2022/05/17/index.html]
[evolvelaw.ca/2022/index.html]
[evolvelaw.ca/index6387.html]
[evolvelaw.ca/why-consider-prenuptial-agreement/n3xtep.surveysparrow.com/widget/index.html]
[evolvelaw.ca/author/isaac-jaime-blanco/index.html]
[evolvelaw.ca/wp-content/uploads/2022/02/prenuptial-agreement.webp]
[evolvelaw.ca/wp-content/uploads/2022/01/post1.jpg]
[evolvelaw.ca/wp-json/wp/v2/posts/7938]
[evolvelaw.ca/stalking-behavior-signs/n3xtep.surveysparrow.com/widget/index.html]
[evolvelaw.ca/index9026.html]
[evolvelaw.ca/same-sex-marriage/n3xtep.surveysparrow.com/widget/index.html]
[evolvelaw.ca/index0c28.html]
[evolvelaw.ca/tell-your-clients-about-tax-deductible-fees/n3xtep.surveysparrow.com/widget/index.html]
[evolvelaw.ca/2023/07/19/n3xtep.surveysparrow.com/widget/index.html]
[evolvelaw.ca/2023/index.html]
[evolvelaw.ca/stalking-behavior-signs/feed/index.html]
[evolvelaw.ca/2023/07/index.html]
[evolvelaw.ca/wp-json/oembed/1.0/embed577b]
[evolvelaw.ca/wp-json/wp/v2/users/8.json]
[evolvelaw.ca/author/itevolvelaw-ca/index.html]
[evolvelaw.ca/wp-json/wp/v2/categories/1.json]
[evolvelaw.ca/category/uncategorized/index.html]
[evolvelaw.ca/author/itevolvelaw-ca/feed/index.html]
[evolvelaw.ca/2023/06/index.html]
[evolvelaw.ca/category/uncategorized/feed/index.html]
[evolvelaw.ca/author/infoevolvelaw-ca/index.html]
[evolvelaw.ca/2023/02/index.html]
[evolvelaw.ca/2022/07/index.html]
[evolvelaw.ca/2022/05/index.html]
[evolvelaw.ca/2022/02/index.html]
[evolvelaw.ca/2022/01/index.html]
[evolvelaw.ca/2021/06/index.html]
[evolvelaw.ca/2021/04/index.html]
[evolvelaw.ca/2021/index.html]
[evolvelaw.ca/wp-includes/css/buttons.min9b30.css]
[evolvelaw.ca/wp-includes/css/dashicons.min9b30.css]
[evolvelaw.ca/wp-loginc2b6.html]
[evolvelaw.ca/wp-includes/js/zxcvbn-async.min5152.js]
[evolvelaw.ca/wp-includes/js/underscore.mind584.js]
[evolvelaw.ca/wp-login.html]
[evolvelaw.ca/2023/06/30/n3xtep.surveysparrow.com/widget/index.html]
[evolvelaw.ca/2023/02/03/n3xtep.surveysparrow.com/widget/index.html]
[evolvelaw.ca/2022/07/28/n3xtep.surveysparrow.com/widget/index.html]
[evolvelaw.ca/2022/index.html]
[evolvelaw.ca/wp-includes/js/wp-util.min9b30.js]
[evolvelaw.ca/wp-json/wp/v2/users/7.json]
[evolvelaw.ca/author/isaac-jaime-blanco/index.html]
[evolvelaw.ca/2022/05/17/n3xtep.surveysparrow.com/widget/index.html]
[evolvelaw.ca/indexe87d.html]
[evolvelaw.ca/2023/n3xtep.surveysparrow.com/widget/index.html]
[evolvelaw.ca/2023/07/n3xtep.surveysparrow.com/widget/index.html]
[evolvelaw.ca/author/itevolvelaw-ca/n3xtep.surveysparrow.com/widget/index.html]
[evolvelaw.ca/category/uncategorized/n3xtep.surveysparrow.com/widget/index.html]
[evolvelaw.ca/author/infoevolvelaw-ca/feed/index.html]
[evolvelaw.ca/author/infoevolvelaw-ca/index.html]
[evolvelaw.ca/wp-json/wp/v2/users/3.json]
[evolvelaw.ca/2023/06/n3xtep.surveysparrow.com/widget/index.html]
[evolvelaw.ca/2023/02/n3xtep.surveysparrow.com/widget/index.html]
[evolvelaw.ca/2022/07/n3xtep.surveysparrow.com/widget/index.html]
[evolvelaw.ca/2022/05/n3xtep.surveysparrow.com/widget/index.html]
[evolvelaw.ca/2022/02/n3xtep.surveysparrow.com/widget/index.html]
[evolvelaw.ca/2022/01/n3xtep.surveysparrow.com/widget/index.html]
[evolvelaw.ca/2021/06/n3xtep.surveysparrow.com/widget/index.html]
[evolvelaw.ca/2021/index.html]
[evolvelaw.ca/author/isaac-jaime-blanco/feed/index.html]
[evolvelaw.ca/2021/04/n3xtep.surveysparrow.com/widget/index.html]
[evolvelaw.ca/wp-includes/fonts/dashicons7d4b.eot]
[evolvelaw.ca/wp-includes/css/dashicons.min9b30.css]
[evolvelaw.ca/wp-includes/css/buttons.min9b30.css]
[evolvelaw.ca/wp-loginc2b6.html]
[evolvelaw.ca/2022/n3xtep.surveysparrow.com/widget/index.html]
[evolvelaw.ca/author/isaac-jaime-blanco/n3xtep.surveysparrow.com/widget/index.html]
[evolvelaw.ca/author/infoevolvelaw-ca/n3xtep.surveysparrow.com/widget/index.html]
[evolvelaw.ca/2021/n3xtep.surveysparrow.com/widget/index.html]
[evolvelaw.ca/wp-includes/fonts/dashicons7d4b.ttf]
